
> manilapadelapp@0.1.0 build
> next build

  Γû▓ Next.js 14.2.35
  - Environments: .env.local

   Creating an optimized production build ...
 Γ£ô Compiled successfully
   Linting and checking validity of types ...
node.exe : 
At line:1 char:1
+ & "C:\Program 
Files\nodejs/node.exe" 
"C:\Program 
Files\nodejs/node_mo ...
+ ~~~~~~~~~~~~~~~~~~~~~~~~~~~
~~~~~~~~~~~~~~~~~~~~~~~~~~~~~
~~~~~~~~~~~~~
    + CategoryInfo           
   : NotSpecified: (:String  
  ) [], RemoteException
    + FullyQualifiedErrorId  
   : NativeCommandError
 
Failed to compile.

./src/app/(dashboard)/jugador
/page.tsx
3:34  Error: 'AvatarImage' 
is defined but never used.  @
typescript-eslint/no-unused-v
ars

./src/app/(dashboard)/layout.
tsx
3:34  Error: 'AvatarImage' 
is defined but never used.  @
typescript-eslint/no-unused-v
ars

./src/app/(dashboard)/partido
s/page.tsx
38:11  Error: 'openMatches' 
is assigned a value but 
never used.  @typescript-esli
nt/no-unused-vars

./src/components/BotonUnirseP
artido.tsx
40:23  Error: Unexpected 
any. Specify a different 
type.  @typescript-eslint/no-
explicit-any

info  - Need to disable some 
ESLint rules? Learn more 
here: https://nextjs.org/docs
/basic-features/eslint#disabl
ing-rules
